------------------------------------------------------------
TimeQuest Timing Analyzer Summary
------------------------------------------------------------

Type  : Slow 1200mV 85C Model Setup 'vetorA[0]'
Slack : -13.875
TNS   : -85.679

Type  : Slow 1200mV 85C Model Setup 'vetorB[1]'
Slack : -13.059
TNS   : -86.965

Type  : Slow 1200mV 85C Model Setup 'vetorB[2]'
Slack : -11.993
TNS   : -111.577

Type  : Slow 1200mV 85C Model Setup 'clk'
Slack : -7.201
TNS   : -733.012

Type  : Slow 1200mV 85C Model Setup 'vetorA_2[1]'
Slack : -3.155
TNS   : -19.639

Type  : Slow 1200mV 85C Model Setup 'vetorA_1[1]'
Slack : -2.921
TNS   : -16.741

Type  : Slow 1200mV 85C Model Hold 'vetorB[2]'
Slack : -8.812
TNS   : -64.775

Type  : Slow 1200mV 85C Model Hold 'vetorB[1]'
Slack : -6.486
TNS   : -37.813

Type  : Slow 1200mV 85C Model Hold 'vetorA_2[1]'
Slack : -1.992
TNS   : -11.729

Type  : Slow 1200mV 85C Model Hold 'vetorA[0]'
Slack : -1.224
TNS   : -1.224

Type  : Slow 1200mV 85C Model Hold 'vetorA_1[1]'
Slack : -1.113
TNS   : -6.424

Type  : Slow 1200mV 85C Model Hold 'clk'
Slack : -0.715
TNS   : -5.095

Type  : Slow 1200mV 85C Model Recovery 'vetorB[2]'
Slack : -3.073
TNS   : -18.641

Type  : Slow 1200mV 85C Model Recovery 'vetorB[1]'
Slack : -2.417
TNS   : -11.881

Type  : Slow 1200mV 85C Model Recovery 'vetorA_1[1]'
Slack : -2.042
TNS   : -10.614

Type  : Slow 1200mV 85C Model Recovery 'vetorA_2[1]'
Slack : -1.188
TNS   : -6.035

Type  : Slow 1200mV 85C Model Removal 'vetorB[2]'
Slack : -6.772
TNS   : -54.891

Type  : Slow 1200mV 85C Model Removal 'vetorB[1]'
Slack : -4.388
TNS   : -29.043

Type  : Slow 1200mV 85C Model Removal 'vetorA_2[1]'
Slack : -3.672
TNS   : -24.923

Type  : Slow 1200mV 85C Model Removal 'vetorA_1[1]'
Slack : -3.124
TNS   : -20.926

Type  : Slow 1200mV 85C Model Minimum Pulse Width 'vetorB[2]'
Slack : -3.511
TNS   : -300.423

Type  : Slow 1200mV 85C Model Minimum Pulse Width 'clk'
Slack : -3.000
TNS   : -230.445

Type  : Slow 1200mV 85C Model Minimum Pulse Width 'vetorB[1]'
Slack : -2.088
TNS   : -91.094

Type  : Slow 1200mV 85C Model Minimum Pulse Width 'vetorA[0]'
Slack : 0.382
TNS   : 0.000

Type  : Slow 1200mV 85C Model Minimum Pulse Width 'vetorA_1[1]'
Slack : 0.452
TNS   : 0.000

Type  : Slow 1200mV 85C Model Minimum Pulse Width 'vetorA_2[1]'
Slack : 0.459
TNS   : 0.000

Type  : Slow 1200mV 0C Model Setup 'vetorA[0]'
Slack : -12.500
TNS   : -77.121

Type  : Slow 1200mV 0C Model Setup 'vetorB[1]'
Slack : -11.927
TNS   : -79.486

Type  : Slow 1200mV 0C Model Setup 'vetorB[2]'
Slack : -10.918
TNS   : -102.828

Type  : Slow 1200mV 0C Model Setup 'clk'
Slack : -6.494
TNS   : -655.261

Type  : Slow 1200mV 0C Model Setup 'vetorA_2[1]'
Slack : -2.822
TNS   : -17.610

Type  : Slow 1200mV 0C Model Setup 'vetorA_1[1]'
Slack : -2.745
TNS   : -15.564

Type  : Slow 1200mV 0C Model Hold 'vetorB[2]'
Slack : -7.894
TNS   : -57.628

Type  : Slow 1200mV 0C Model Hold 'vetorB[1]'
Slack : -5.833
TNS   : -33.957

Type  : Slow 1200mV 0C Model Hold 'vetorA_2[1]'
Slack : -1.747
TNS   : -10.576

Type  : Slow 1200mV 0C Model Hold 'vetorA[0]'
Slack : -1.106
TNS   : -1.106

Type  : Slow 1200mV 0C Model Hold 'vetorA_1[1]'
Slack : -0.868
TNS   : -4.837

Type  : Slow 1200mV 0C Model Hold 'clk'
Slack : -0.700
TNS   : -4.986

Type  : Slow 1200mV 0C Model Recovery 'vetorB[2]'
Slack : -2.967
TNS   : -18.367

Type  : Slow 1200mV 0C Model Recovery 'vetorB[1]'
Slack : -2.347
TNS   : -11.631

Type  : Slow 1200mV 0C Model Recovery 'vetorA_1[1]'
Slack : -1.919
TNS   : -9.955

Type  : Slow 1200mV 0C Model Recovery 'vetorA_2[1]'
Slack : -1.043
TNS   : -5.150

Type  : Slow 1200mV 0C Model Removal 'vetorB[2]'
Slack : -6.019
TNS   : -48.153

Type  : Slow 1200mV 0C Model Removal 'vetorB[1]'
Slack : -3.871
TNS   : -25.697

Type  : Slow 1200mV 0C Model Removal 'vetorA_2[1]'
Slack : -3.389
TNS   : -22.986

Type  : Slow 1200mV 0C Model Removal 'vetorA_1[1]'
Slack : -2.772
TNS   : -18.560

Type  : Slow 1200mV 0C Model Minimum Pulse Width 'vetorB[2]'
Slack : -3.073
TNS   : -260.230

Type  : Slow 1200mV 0C Model Minimum Pulse Width 'clk'
Slack : -3.000
TNS   : -230.445

Type  : Slow 1200mV 0C Model Minimum Pulse Width 'vetorB[1]'
Slack : -1.818
TNS   : -76.940

Type  : Slow 1200mV 0C Model Minimum Pulse Width 'vetorA[0]'
Slack : 0.350
TNS   : 0.000

Type  : Slow 1200mV 0C Model Minimum Pulse Width 'vetorA_1[1]'
Slack : 0.366
TNS   : 0.000

Type  : Slow 1200mV 0C Model Minimum Pulse Width 'vetorA_2[1]'
Slack : 0.384
TNS   : 0.000

Type  : Fast 1200mV 0C Model Setup 'vetorA[0]'
Slack : -6.722
TNS   : -41.150

Type  : Fast 1200mV 0C Model Setup 'vetorB[1]'
Slack : -6.006
TNS   : -40.180

Type  : Fast 1200mV 0C Model Setup 'vetorB[2]'
Slack : -5.502
TNS   : -50.344

Type  : Fast 1200mV 0C Model Setup 'clk'
Slack : -3.072
TNS   : -276.227

Type  : Fast 1200mV 0C Model Setup 'vetorA_2[1]'
Slack : -1.346
TNS   : -8.092

Type  : Fast 1200mV 0C Model Setup 'vetorA_1[1]'
Slack : -1.063
TNS   : -5.455

Type  : Fast 1200mV 0C Model Hold 'vetorB[2]'
Slack : -4.546
TNS   : -35.056

Type  : Fast 1200mV 0C Model Hold 'vetorB[1]'
Slack : -3.376
TNS   : -20.078

Type  : Fast 1200mV 0C Model Hold 'vetorA_2[1]'
Slack : -1.209
TNS   : -6.543

Type  : Fast 1200mV 0C Model Hold 'vetorA_1[1]'
Slack : -0.746
TNS   : -4.590

Type  : Fast 1200mV 0C Model Hold 'clk'
Slack : -0.593
TNS   : -5.594

Type  : Fast 1200mV 0C Model Hold 'vetorA[0]'
Slack : -0.422
TNS   : -0.422

Type  : Fast 1200mV 0C Model Recovery 'vetorB[2]'
Slack : -1.210
TNS   : -5.271

Type  : Fast 1200mV 0C Model Recovery 'vetorB[1]'
Slack : -0.892
TNS   : -3.677

Type  : Fast 1200mV 0C Model Recovery 'vetorA_1[1]'
Slack : -0.440
TNS   : -1.162

Type  : Fast 1200mV 0C Model Recovery 'vetorA_2[1]'
Slack : -0.094
TNS   : -0.141

Type  : Fast 1200mV 0C Model Removal 'vetorB[2]'
Slack : -3.403
TNS   : -28.498

Type  : Fast 1200mV 0C Model Removal 'vetorB[1]'
Slack : -2.314
TNS   : -15.395

Type  : Fast 1200mV 0C Model Removal 'vetorA_2[1]'
Slack : -1.916
TNS   : -12.901

Type  : Fast 1200mV 0C Model Removal 'vetorA_1[1]'
Slack : -1.802
TNS   : -11.876

Type  : Fast 1200mV 0C Model Minimum Pulse Width 'clk'
Slack : -3.000
TNS   : -189.819

Type  : Fast 1200mV 0C Model Minimum Pulse Width 'vetorB[2]'
Slack : -1.522
TNS   : -106.763

Type  : Fast 1200mV 0C Model Minimum Pulse Width 'vetorB[1]'
Slack : -0.846
TNS   : -25.495

Type  : Fast 1200mV 0C Model Minimum Pulse Width 'vetorA_2[1]'
Slack : 0.255
TNS   : 0.000

Type  : Fast 1200mV 0C Model Minimum Pulse Width 'vetorA_1[1]'
Slack : 0.364
TNS   : 0.000

Type  : Fast 1200mV 0C Model Minimum Pulse Width 'vetorA[0]'
Slack : 0.385
TNS   : 0.000

------------------------------------------------------------
